[www.rockstargames.com/reddeadonline.html]
[backblue.gif]
[fade.gif]
[index.html]
[media-rockstargames-com.akamaized.net/favicons/rockstar/favicon-180x180.png]
[www.rockstargames.com/de/reddeadonline.html]
[www.rockstargames.com/fr/reddeadonline.html]
[www.rockstargames.com/it/reddeadonline.html]
[www.rockstargames.com/jp/reddeadonline.html]
[www.rockstargames.com/ru/reddeadonline.html]
[www.rockstargames.com/es/reddeadonline.html]
[www.rockstargames.com/mx/reddeadonline.html]
[www.rockstargames.com/br/reddeadonline.html]
[www.rockstargames.com/kr/reddeadonline.html]
[www.rockstargames.com/zh/reddeadonline.html]
[www.rockstargames.com/tw/reddeadonline.html]
[www.rockstargames.com/pl/reddeadonline.html]
[www.rockstargames.com/reddeadonline.html]
[media-rockstargames-com.akamaized.net/mfe6/prod/@rockstargames/mfe/9.1.0/71e83a4c321ebad493c7bd832857536931d9961fb592501d6a01a3a62200bb1c/systemjs-module-federation.js]
[www.rockstargames.com/de/reddeadonline43bd.html]
[www.rockstargames.com/reddeadonline43bd.html]
[www.rockstargames.com/fr/reddeadonline43bd.html]
[www.rockstargames.com/it/reddeadonline43bd.html]
[www.rockstargames.com/jp/reddeadonline43bd.html]
[www.rockstargames.com/ru/reddeadonline43bd.html]
[www.rockstargames.com/es/reddeadonline43bd.html]
[www.rockstargames.com/mx/reddeadonline43bd.html]
[www.rockstargames.com/br/reddeadonline43bd.html]
[www.rockstargames.com/kr/reddeadonline43bd.html]
[www.rockstargames.com/zh/reddeadonline43bd.html]
[www.rockstargames.com/tw/reddeadonline43bd.html]
[www.rockstargames.com/pl/reddeadonline43bd.html]
[www.rockstargames.com/de/reddeadonline.html]
[www.rockstargames.com/fr/reddeadonline.html]
[www.rockstargames.com/it/reddeadonlinefbd8.html]
[www.rockstargames.com/reddeadonlinefbd8.html]
[www.rockstargames.com/de/reddeadonlinefbd8.html]
[www.rockstargames.com/fr/reddeadonlinefbd8.html]
[www.rockstargames.com/jp/reddeadonlinefbd8.html]
[www.rockstargames.com/ru/reddeadonlinefbd8.html]
[www.rockstargames.com/es/reddeadonlinefbd8.html]
[www.rockstargames.com/mx/reddeadonlinefbd8.html]
[www.rockstargames.com/br/reddeadonlinefbd8.html]
[www.rockstargames.com/kr/reddeadonlinefbd8.html]
[www.rockstargames.com/zh/reddeadonlinefbd8.html]
[www.rockstargames.com/tw/reddeadonlinefbd8.html]
[www.rockstargames.com/pl/reddeadonlinefbd8.html]
[www.rockstargames.com/it/reddeadonline.html]
[www.rockstargames.com/jp/reddeadonline.html]
[www.rockstargames.com/ru/reddeadonline.html]
[www.rockstargames.com/es/reddeadonline.html]
[www.rockstargames.com/mx/reddeadonline.html]
[www.rockstargames.com/br/reddeadonline.html]
[www.rockstargames.com/kr/reddeadonline.html]
[www.rockstargames.com/zh/reddeadonline.html]
[www.rockstargames.com/tw/reddeadonline.html]
[www.rockstargames.com/pl/reddeadonline.html]
[media-rockstargames-com.akamaized.net/mfe6/prod/@rockstargames/mfe/9.1.0/71e83a4c321ebad493c7bd832857536931d9961fb592501d6a01a3a62200bb1c/systemjs-module-federation.js]
[www.rockstargames.com/de/reddeadonline43bd.html]
[www.rockstargames.com/reddeadonline43bd.html]
[www.rockstargames.com/fr/reddeadonline43bd.html]
[www.rockstargames.com/it/reddeadonline43bd.html]
[www.rockstargames.com/jp/reddeadonline43bd.html]
[www.rockstargames.com/ru/reddeadonline43bd.html]
[www.rockstargames.com/es/reddeadonline43bd.html]
[www.rockstargames.com/mx/reddeadonline43bd.html]
[www.rockstargames.com/br/reddeadonline43bd.html]
[www.rockstargames.com/kr/reddeadonline43bd.html]
[www.rockstargames.com/zh/reddeadonline43bd.html]
[www.rockstargames.com/tw/reddeadonline43bd.html]
[www.rockstargames.com/pl/reddeadonline43bd.html]
[www.rockstargames.com/it/reddeadonlinefbd8.html]
[www.rockstargames.com/reddeadonlinefbd8.html]
[www.rockstargames.com/de/reddeadonlinefbd8.html]
[www.rockstargames.com/fr/reddeadonlinefbd8.html]
[www.rockstargames.com/jp/reddeadonlinefbd8.html]
[www.rockstargames.com/ru/reddeadonlinefbd8.html]
[www.rockstargames.com/es/reddeadonlinefbd8.html]
[www.rockstargames.com/mx/reddeadonlinefbd8.html]
[www.rockstargames.com/br/reddeadonlinefbd8.html]
[www.rockstargames.com/kr/reddeadonlinefbd8.html]
[www.rockstargames.com/zh/reddeadonlinefbd8.html]
[www.rockstargames.com/tw/reddeadonlinefbd8.html]
[www.rockstargames.com/pl/reddeadonlinefbd8.html]
[www.rockstargames.com/index.html]
[www.rockstargames.com/index.html]
[www.rockstargames.com/e.html]
